
> kyc-backend@1.0.0 test
> jest

node.exe : PASS src/__tests__/utils/validators.test.ts
At line:1 char:1
+ & "D:\Nodejs/node.exe" "D:\Nodejs/node_modules/npm/bin/npm-cli.js" te ...
+ ~~~~~~~~~~~~~~~~~~~~~~~~~~~~~~~~~~~~~~~~~~~~~~~~~~~~~~~~~~~~~~~~~~~~~
    + CategoryInfo          : NotSpecified: (PASS src/__test...idators.test.ts:String) [], RemoteException
    + FullyQualifiedErrorId : NativeCommandError
 
FAIL src/__tests__/config/jwt.test.ts
  ΓùÅ JWT Token Utilities ΓÇ║ Token generation ΓÇ║ should generate different tokens each time due to 
timestamps

    expect(received).toBe(expected) // Object.is equality

    Expected: true
    Received: false

    [0m [90m 35 |[39m         
     [90m 36 |[39m         [90m// At least one timestamp should be different[39m
    [31m[1m>[22m[39m[90m 37 |[39m         expect(decoded1[33m.[39miat [33m!==[39m 
decoded2[33m.[39miat [33m||[39m token1 [33m!==[39m token2)[33m.[39mtoBe([36mtrue[39m)[33m;[39m
     [90m    |[39m                                                                    [31m[1m^[22m[39m
     [90m 38 |[39m       })[33m;[39m
     [90m 39 |[39m     })[33m;[39m
     [90m 40 |[39m   })[33m;[39m[0m

      at src/__tests__/config/jwt.test.ts:37:68

PASS src/__tests__/utils/logger.test.ts
  ΓùÅ Console

    console.debug
      [2025-11-18T06:45:43.380Z] [DEBUG] Debug message {"userId":1}

      at Logger.log (src/utils/logger.ts:61:7)

    console.info
      [2025-11-18T06:45:43.410Z] [INFO] Info message {"action":"login"}

      at Logger.log (src/utils/logger.ts:61:7)

    console.warn
      [2025-11-18T06:45:43.423Z] [WARN] Warning message {"severity":"medium"}

    [0m [90m 59 |[39m     [36mif[39m ([36mthis[39m[33m.[39mconsoleEnabled) {
     [90m 60 |[39m       [36mconst[39m consoleMethod [33m=[39m 
[36mthis[39m[33m.[39mgetConsoleMethod(level)[33m;[39m
    [31m[1m>[22m[39m[90m 61 |[39m       consoleMethod(formattedMessage)[33m;[39m
     [90m    |[39m       [31m[1m^[22m[39m
     [90m 62 |[39m     }
     [90m 63 |[39m
     [90m 64 |[39m     [36mthis[39m[33m.[39mwriteToFile(formattedMessage)[33m;[39m[0m

      at Logger.log (src/utils/logger.ts:61:7)
      at Logger.warn (src/utils/logger.ts:91:10)
      at Object.<anonymous> (src/__tests__/utils/logger.test.ts:68:14)

    console.error
      [2025-11-18T06:45:43.450Z] [ERROR] Error message {"code":"ERR_001"}

    [0m [90m 59 |[39m     [36mif[39m ([36mthis[39m[33m.[39mconsoleEnabled) {
     [90m 60 |[39m       [36mconst[39m consoleMethod [33m=[39m 
[36mthis[39m[33m.[39mgetConsoleMethod(level)[33m;[39m
    [31m[1m>[22m[39m[90m 61 |[39m       consoleMethod(formattedMessage)[33m;[39m
     [90m    |[39m       [31m[1m^[22m[39m
     [90m 62 |[39m     }
     [90m 63 |[39m
     [90m 64 |[39m     [36mthis[39m[33m.[39mwriteToFile(formattedMessage)[33m;[39m[0m

      at Logger.log (src/utils/logger.ts:61:7)
      at Logger.error (src/utils/logger.ts:95:10)
      at Object.<anonymous> (src/__tests__/utils/logger.test.ts:75:14)

    console.info
      [2025-11-18T06:45:43.461Z] [INFO] Timestamped message

      at Logger.log (src/utils/logger.ts:61:7)

    console.info
      [2025-11-18T06:45:43.478Z] [INFO] Message with metadata {"userId":123,"action":"create"}

      at Logger.log (src/utils/logger.ts:61:7)

    console.info
      [2025-11-18T06:45:43.503Z] [INFO] Log entry 1

      at Logger.log (src/utils/logger.ts:61:7)

    console.info
      [2025-11-18T06:45:43.504Z] [INFO] Log entry 2

      at Logger.log (src/utils/logger.ts:61:7)

    console.info
      [2025-11-18T06:45:43.504Z] [INFO] Log entry 3

      at Logger.log (src/utils/logger.ts:61:7)

    console.info
      [2025-11-18T06:45:43.531Z] [INFO] This should not be written to file

      at Logger.log (src/utils/logger.ts:61:7)

    console.info
      [2025-11-18T06:45:43.544Z] [INFO] First entry

      at Logger.log (src/utils/logger.ts:61:7)

    console.info
      [2025-11-18T06:45:43.562Z] [INFO] Second entry

      at Logger.log (src/utils/logger.ts:61:7)

    console.error
      [2025-11-18T06:45:43.587Z] [ERROR] Error: "Test" with special chars: @#$%^&*()

    [0m [90m 59 |[39m     [36mif[39m ([36mthis[39m[33m.[39mconsoleEnabled) {
     [90m 60 |[39m       [36mconst[39m consoleMethod [33m=[39m 
[36mthis[39m[33m.[39mgetConsoleMethod(level)[33m;[39m
    [31m[1m>[22m[39m[90m 61 |[39m       consoleMethod(formattedMessage)[33m;[39m
     [90m    |[39m       [31m[1m^[22m[39m
     [90m 62 |[39m     }
     [90m 63 |[39m
     [90m 64 |[39m     [36mthis[39m[33m.[39mwriteToFile(formattedMessage)[33m;[39m[0m

      at Logger.log (src/utils/logger.ts:61:7)
      at Logger.error (src/utils/logger.ts:95:10)
      at Object.<anonymous> (src/__tests__/utils/logger.test.ts:160:14)


Test Suites: 1 failed, 2 passed, 3 total
Tests:       1 failed, 44 passed, 45 total
Snapshots:   0 total
Time:        3.465 s
Ran all test suites.
